// Jest Snapshot v1, https://goo.gl/fbAQLP

exports[`config is aggregated correctly for html content type 1`] = `
Object {
  "border": "",
  "borderColor": "",
  "borderRadius": "",
  "borderWidth": "",
  "cssClasses": Array [],
  "html": "undefined",
  "marginBottom": "",
  "marginLeft": "",
  "marginRight": "",
  "marginTop": "",
  "paddingBottom": "",
  "paddingLeft": "",
  "paddingRight": "",
  "paddingTop": "",
  "textAlign": "",
}
`;
