// Jest Snapshot v1, https://goo.gl/fbAQLP

exports[`renders a placeholder item while awaiting item 1`] = `
<div
  className="l"
>
  <div
    className="f"
  >
    <img
      alt="Placeholder"
      className="b undefined"
      height="375"
      loading="lazy"
      onError={[MockFunction]}
      onLoad={[MockFunction]}
      src="data:image/png;base64,iVBORw0KGgoAAAANSUhEUgAAAAQAAAAFCAQAAADIpIVQAAAADklEQVR42mNkgAJGIhgAALQABsHyMOcAAAAASUVORK5CYII="
      srcSet=""
      width="300"
    />
  </div>
  <div
    className="h"
  />
  <div
    className="j"
  />
</div>
`;

exports[`renders correctly with valid item data 1`] = `
<div
  className="k"
>
  <a
    className="e"
    href="/strive-shoulder-pack.html"
    onClick={[Function]}
  >
    <img
      alt="Test Product"
      className="a undefined"
      height="375"
      loading="lazy"
      onError={[MockFunction]}
      onLoad={[MockFunction]}
      sizes="300px"
      srcSet="/media/catalog/product/foo/bar/pic.png?auto=webp&format=pjpg&width=40&height=50 40w,/media/catalog/product/foo/bar/pic.png?auto=webp&format=pjpg&width=80&height=100 80w,/media/catalog/product/foo/bar/pic.png?auto=webp&format=pjpg&width=160&height=200 160w,/media/catalog/product/foo/bar/pic.png?auto=webp&format=pjpg&width=320&height=400 320w,/media/catalog/product/foo/bar/pic.png?auto=webp&format=pjpg&width=640&height=800 640w,/media/catalog/product/foo/bar/pic.png?auto=webp&format=pjpg&width=1280&height=1600 1280w,/media/catalog/product/foo/bar/pic.png?auto=webp&format=pjpg&width=1600&height=2000 1600w,/media/catalog/product/foo/bar/pic.png?auto=webp&format=pjpg&width=2560&height=3200 2560w"
      width="300"
    />
  </a>
  <a
    className="g"
    href="/strive-shoulder-pack.html"
    onClick={[Function]}
  >
    <span>
      Test Product
    </span>
  </a>
  <div
    className="i"
  >
    <div />
  </div>
</div>
`;
