// Jest Snapshot v1, https://goo.gl/fbAQLP

exports[`render empty slider 1`] = `<div />`;
