// Jest Snapshot v1, https://goo.gl/fbAQLP

exports[`parse valid root element 1`] = `
Object {
  "appearance": null,
  "children": Array [
    Object {
      "appearance": "contained",
      "backgroundAttachment": "scroll",
      "backgroundColor": "rgb(17, 85, 0)",
      "backgroundPosition": "left top",
      "backgroundRepeat": false,
      "backgroundSize": "cover",
      "border": "solid",
      "borderColor": "rgb(255, 0, 0)",
      "borderRadius": "5px",
      "borderWidth": "10px",
      "children": Array [
        Object {
          "appearance": "default",
          "border": "none",
          "borderColor": "",
          "borderRadius": "0px",
          "borderWidth": "1px",
          "children": Array [],
          "contentType": "heading",
          "cssClasses": Array [],
          "headingType": "h2",
          "marginBottom": "",
          "marginLeft": "",
          "marginRight": "",
          "marginTop": "",
          "paddingBottom": "",
          "paddingLeft": "",
          "paddingRight": "",
          "paddingTop": "",
          "text": "Test Heading",
          "textAlign": "",
        },
      ],
      "contentType": "row",
      "cssClasses": Array [
        "test-class",
      ],
      "desktopImage": null,
      "enableParallax": false,
      "marginBottom": "5px",
      "marginLeft": "5px",
      "marginRight": "5px",
      "marginTop": "5px",
      "minHeight": "100px",
      "mobileImage": null,
      "paddingBottom": "15px",
      "paddingLeft": "15px",
      "paddingRight": "15px",
      "paddingTop": "15px",
      "parallaxSpeed": 0.5,
      "textAlign": "center",
      "verticalAlignment": "middle",
    },
  ],
  "contentType": "root-container",
}
`;
